CSUBST start: 2026-09-11 02:28:06.830366+00:00
csubst search start: 2026-09-11 02:28:06.831260+00:00
OS: macOS-26.6.2-x86_64-i386-64bit
Python version: 3.10.14 | packaged by conda-forge | (main, Mar 20 2024, 12:53:34) [Clang 16.0.6 ]
CSUBST version: 1.14.11
CSUBST dependency versions: ete4=4.4.0, requests=2.32.5, numpy=1.26.4, scipy=1.15.2, pandas=2.2.3, cython=3.0.11, matplotlib=3.9.3
CSUBST missing dependency packages: none
CSUBST command: /private/tmp/csubst-resource-review-20260911/before/csubst/__main__.py search --alignment_file /tmp/csubst-resource-review-20260911/before/csubst/dataset/PEPC.alignment.fa --rooted_tree_file /tmp/csubst-resource-review-20260911/before/csubst/dataset/PEPC.tree.nwk --outdir /tmp/csubst-resource-review-20260911/runs/pepc_full-before-1 --threads 1 --blas_threads 1 --random_seed 8 --float_digit 12 --iqtree_treefile /tmp/csubst-resource-review-20260911/before/csubst/dataset/PEPC.alignment.fa.treefile --iqtree_state /tmp/csubst-resource-review-20260911/before/csubst/dataset/PEPC.alignment.fa.state --iqtree_rate /tmp/csubst-resource-review-20260911/before/csubst/dataset/PEPC.alignment.fa.rate --iqtree_iqtree /tmp/csubst-resource-review-20260911/before/csubst/dataset/PEPC.alignment.fa.iqtree --iqtree_log /tmp/csubst-resource-review-20260911/before/csubst/dataset/PEPC.alignment.fa.log --max_arity 2 --output_stat any2any,spe2any,any2spe,spe2spe --drop_invariant_tip_sites no --calibrate_longtail no
CSUBST working directory: /private/tmp/csubst-resource-review-20260911/before
CSUBST bug report: https://github.com/kfuku52/csubst/issues
Reading and parsing input files.
Using internal node names and branch lengths in --iqtree_treefile and the root position in --rooted_tree_file.
All IQ-TREE intermediate files were explicitly specified. A provenance manifest is not required.
The model in the IQ-TREE's output (ECMK07+F+R4) matched --iqtree_model (ECMK07+F+R4). Skipping IQ-TREE.
Total branch length of --rooted_tree_file: 7.7049
Total branch length of --iqtree_treefile: 17.5501

Reading the state file: /tmp/csubst-resource-review-20260911/before/csubst/dataset/PEPC.alignment.fa.state

Instantaneous substitution rate matrix will be generated using the base model: ECMK07+F
Transition matrix will be generated using the model in the ancestral state reconstruction: ECMK07+F+R4
Applying estimated codon frequencies to obtain the instantaneous rate matrix.
Generated packed sparse substitution tensor (Cython two-pass): shape=(141, 971, 1, 20, 20), density=0.005964 (326,623/54,764,400), storage=3,920,044 bytes, compression=111.8x
Generated packed sparse substitution tensor (Cython two-pass): shape=(141, 971, 20, 6, 6), density=0.006055 (596,924/98,575,920), storage=7,163,656 bytes, compression=110.1x
Branch lengths of the IQ-TREE output are rescaled to match observed-codon-substitutions/codon-site, rather than nucleotide-substitutions/codon-site.
Total branch length before rescaling: 17.550 nucleotide substitutions / codon site
Total S+N branch length after rescaling: 20.065 codon substitutions / codon site
Total S branch length after rescaling: 15.616 codon substitutions / codon site
Total N branch length after rescaling: 4.449 codon substitutions / codon site
Synonymous substitutions / tree = 13,153.7
Nonsynonymous substitutions / tree = 3,644.2
Synonymous substitutions / branch = 94.0
Nonsynonymous substitutions / branch = 26.0
Synonymous substitutions / site = 13.5
Nonsynonymous substitutions / site = 3.8
Elapsed time: 1.0 sec

Generating s table
Time elapsed for merging tables: 0 sec
Memory consumption of s table: 0.0 Mbytes (dtype=float64)
Elapsed time: 0.0 sec

Generating b table
Time elapsed for merging tables: 0 sec
Number of S_sub patterns among 141 branches=140, min=0.0, max=461.4
Number of N_sub patterns among 141 branches=140, min=0.0, max=130.7
Memory consumption of b table: 0.0 Mbytes (dtype=object)
Elapsed time: 0.0 sec

Arity (K) = 2: Generating cb table
Arity (K) = 2: Exhaustive search with all independent branch combinations
Number of all branches: 140
Number of branch combinations generated with global independence constraints: 8,446
Number of non-independent foreground branch combinations to be non-foreground-marked for PLACEHOLDER: 0 / 8,446
Time elapsed for generating branch combinations: 0 sec
Number of independent branch combinations to be analyzed: 8,446
Preparing OCS table with up to 1 process(es).
cb reducer scheduler: combinations=8446, workers=1 (threads=1)
Sparse cb backend: resolved=projection_gram (combinations=8446, branches=141)
Sparse cb projection: stat=any2any, shape=(141, 19420), nnz=108,390, density=0.039584, gram=sparse
Sparse cb projection: stat=spe2any, shape=(141, 116520), nnz=283,264, density=0.017241, gram=sparse
Sparse cb projection: stat=any2spe, shape=(141, 116520), nnz=232,104, density=0.014127, gram=sparse
Sparse cb projection: stat=spe2spe, shape=(141, 699120), nnz=596,924, density=0.006055, gram=sparse
Preparing OCN table with up to 1 process(es).
cb reducer scheduler: combinations=8446, workers=1 (threads=1)
Sparse cb backend: resolved=projection_gram (combinations=8446, branches=141)
Sparse cb projection: stat=any2any, shape=(141, 971), nnz=36,781, density=0.268649, gram=sparse
Sparse cb projection: stat=spe2any, shape=(141, 19420), nnz=98,308, density=0.035902, gram=sparse
Sparse cb projection: stat=any2spe, shape=(141, 19420), nnz=84,262, density=0.030773, gram=sparse
Sparse cb projection: stat=spe2spe, shape=(141, 388400), nnz=326,623, density=0.005964, gram=sparse
Time elapsed for merging tables: 0 sec
Tensor-free expected reducer (mode=nsy): backend=eigen_general, branches=139, projections=any2any,spe2any,any2spe,spe2spe
Generated tensor-free expected projections: storage=80,286,196 bytes, total=5,864.684406
Released peptide/nonsynonymous state storage (21,905,760 bytes).
Number of total empirically expected nonsynonymous substitutions in the tree: 5,864.68
Preparing the ECN table with up to 1 process(es).
Expected sparse reducer: stat=any2any, shape=(141, 971), nnz=111,088, density=0.811388, backend=projection_gram/sparse (pair_coverage=0.856, threshold=0.250)
Expected sparse reducer: stat=spe2any, shape=(141, 19420), nnz=221,630, density=0.080939, backend=projection_gram/sparse (pair_coverage=0.856, threshold=0.081)
Expected sparse reducer: stat=any2spe, shape=(141, 19420), nnz=2,146,639, density=0.783954, backend=projection_gram/sparse (pair_coverage=0.856, threshold=0.250)
Expected sparse reducer: stat=spe2spe, shape=(141, 388400), nnz=4,210,970, density=0.076892, backend=projection_gram/sparse (pair_coverage=0.856, threshold=0.077)
Time elapsed for merging tables: 0 sec
Released final-arity EN sparse projections (80,286,196 bytes).
Tensor-free expected reducer (mode=cdn): backend=eigen_reversible, branches=139, projections=any2any,spe2any,any2spe,spe2spe
Generated tensor-free expected projections: storage=35,110,708 bytes, total=14,617.992581
Released codon state storage (66,812,568 bytes).
Number of total empirically expected synonymous substitutions in the tree: 14,617.99
Preparing the ECS table with up to 1 process(es).
Expected sparse reducer: stat=any2any, shape=(141, 19420), nnz=209,081, density=0.076357, backend=projection_gram/sparse (pair_coverage=0.856, threshold=0.076)
Expected sparse reducer: stat=spe2any, shape=(141, 116520), nnz=501,832, density=0.030545, backend=projection_gram/sparse (pair_coverage=0.856, threshold=0.031)
Expected sparse reducer: stat=any2spe, shape=(141, 116520), nnz=675,217, density=0.041098, backend=projection_gram/sparse (pair_coverage=0.856, threshold=0.041)
Expected sparse reducer: stat=spe2spe, shape=(141, 699120), nnz=1,539,573, density=0.015618, backend=projection_gram/sparse (pair_coverage=0.856, threshold=0.016)
Time elapsed for merging tables: 0 sec
Released final-arity ES sparse projections (35,110,708 bytes).
Arity = 2, cb: median omegaCany2any (non-corrected for dNc vs dSc distribution ranges): 0.908
Arity = 2, cb: median omegaCspe2any (non-corrected for dNc vs dSc distribution ranges): 0.427
Arity = 2, cb: median omegaCany2spe (non-corrected for dNc vs dSc distribution ranges): 0.425
Arity = 2, cb: median omegaCspe2spe (non-corrected for dNc vs dSc distribution ranges): 0.266
Starting branch distance calculation. If it takes too long, disable this step by --branch_dist no
Branch-distance scheduler: combinations=8446, workers=1 (threads=1, direct)
Inter-branch distance: 0th in the id range 0-8,446: 0 sec
Time elapsed for calculating inter-branch distances: 0 sec
Time elapsed for the linear regression of C ~ D: 0 sec
Arity (K) = 2: Foreground branch combinations with cutoff conditions OCNany2spe,2.0|omegaCany2spe,5.0 for PLACEHOLDER = 0% (0/108, total examined = 8,446, enrichment factor = 0.0)
Time elapsed for obtaining foreground branch numbers in the cb table: 0 sec
Time elapsed for sorting cb table: 0 sec
Memory consumption of cb table: 2.8 Mbytes (dtype=object)
Total OCNany2any/ECNany2any = 16,378.5/18,186.1 (expectation = 111.0% of observation)
Total OCNany2spe/ECNany2spe = 3,940.3/2,453.1 (expectation = 62.3% of observation)
Total OCNspe2any/ECNspe2any = 8,506.6/12,589.2 (expectation = 148.0% of observation)
Total OCNspe2spe/ECNspe2spe = 3,278.3/2,058.4 (expectation = 62.8% of observation)
Total OCSany2any/ECSany2any = 84,788.3/101,000.2 (expectation = 119.1% of observation)
Total OCSany2spe/ECSany2spe = 25,676.7/28,704.8 (expectation = 111.8% of observation)
Total OCSspe2any/ECSspe2any = 35,370.6/37,553.7 (expectation = 106.2% of observation)
Total OCSspe2spe/ECSspe2spe = 18,215.2/19,215.2 (expectation = 105.5% of observation)
Elapsed time for arity = 2: 2.0 sec

Maximum arity (K = 2) reached. Ending higher-order search of branch combinations.
Writing /tmp/csubst-resource-review-20260911/runs/pepc_full-before-1/csubst_cb_stats.tsv
csubst search: Time elapsed: 5 sec
csubst search end: 2026-09-11 02:28:12.317104+00:00

CSUBST end: 2026-09-11 02:28:12.317772+00:00, Elapsed time = 5.0 sec
