CSUBST start: 2026-09-11 02:27:26.848446+00:00
csubst search start: 2026-09-11 02:27:26.849664+00:00
OS: macOS-26.6.2-x86_64-i386-64bit
Python version: 3.10.14 | packaged by conda-forge | (main, Mar 20 2024, 12:53:34) [Clang 16.0.6 ]
CSUBST version: 1.15.2
CSUBST dependency versions: ete4=4.4.0, requests=2.32.5, numpy=1.26.4, scipy=1.15.2, pandas=2.2.3, cython=3.0.11, matplotlib=3.9.3
CSUBST missing dependency packages: none
CSUBST command: /private/tmp/csubst-resource-review-20260911/after/csubst/__main__.py search --alignment_file /tmp/csubst-resource-review-20260911/before/csubst/dataset/PEPC.alignment.fa --rooted_tree_file /tmp/csubst-resource-review-20260911/before/csubst/dataset/PEPC.tree.nwk --outdir /tmp/csubst-resource-review-20260911/runs/pepc_full-after-1 --threads 1 --blas_threads 1 --random_seed 8 --float_digit 12 --iqtree_treefile /tmp/csubst-resource-review-20260911/before/csubst/dataset/PEPC.alignment.fa.treefile --iqtree_state /tmp/csubst-resource-review-20260911/before/csubst/dataset/PEPC.alignment.fa.state --iqtree_rate /tmp/csubst-resource-review-20260911/before/csubst/dataset/PEPC.alignment.fa.rate --iqtree_iqtree /tmp/csubst-resource-review-20260911/before/csubst/dataset/PEPC.alignment.fa.iqtree --iqtree_log /tmp/csubst-resource-review-20260911/before/csubst/dataset/PEPC.alignment.fa.log --max_arity 2 --output_stat any2any,spe2any,any2spe,spe2spe --drop_invariant_tip_sites no --calibrate_longtail no
CSUBST working directory: /private/tmp/csubst-resource-review-20260911/after
CSUBST bug report: https://github.com/kfuku52/csubst/issues
Reading and parsing input files.
Using internal node names and branch lengths in --iqtree_treefile and the root position in --rooted_tree_file.
All IQ-TREE intermediate files were explicitly specified. A provenance manifest is not required.
Using the model in the explicitly supplied IQ-TREE fit: ECMK07+F+R4. Use --iqtree_redo to refit.
Total branch length of --rooted_tree_file: 7.7049
Total branch length of --iqtree_treefile: 17.5501

Reading the state file: /tmp/csubst-resource-review-20260911/before/csubst/dataset/PEPC.alignment.fa.state

Instantaneous substitution rate matrix will be generated using the base model: ECMK07+F
Transition matrix will be generated using the model in the ancestral state reconstruction: ECMK07+F+R4
Applying estimated codon frequencies to obtain the instantaneous rate matrix.
Joint endpoint input: reading tip observations; internal posteriors will be recomputed.
Joint endpoint inference: blocked pruning, block_size=64; no ancestral-history sampling.
Branch lengths of the IQ-TREE output are rescaled to match observed-codon-substitutions/codon-site, rather than nucleotide-substitutions/codon-site.
Total branch length before rescaling: 17.550 nucleotide substitutions / codon site
Total S+N branch length after rescaling: 17.870 codon substitutions / codon site
Total S branch length after rescaling: 13.481 codon substitutions / codon site
Total N branch length after rescaling: 4.389 codon substitutions / codon site
Synonymous substitutions / tree = 10,674.6
Nonsynonymous substitutions / tree = 3,407.6
Synonymous substitutions / branch = 76.2
Nonsynonymous substitutions / branch = 24.3
Synonymous substitutions / site = 11.0
Nonsynonymous substitutions / site = 3.5
Elapsed time: 21.0 sec

Generating s table
Time elapsed for merging tables: 0 sec
Memory consumption of s table: 0.0 Mbytes (dtype=float64)
Elapsed time: 0.0 sec

Generating b table
Time elapsed for merging tables: 0 sec
Number of S_sub patterns among 141 branches=141, min=0.0, max=324.9
Number of N_sub patterns among 141 branches=141, min=0.0, max=118.9
Memory consumption of b table: 0.0 Mbytes (dtype=object)
Elapsed time: 0.0 sec

Arity (K) = 2: Generating cb table
Arity (K) = 2: Exhaustive search with all independent branch combinations
Number of all branches: 140
Number of branch combinations generated with global independence constraints: 8,446
Number of non-independent foreground branch combinations to be non-foreground-marked for PLACEHOLDER: 0 / 8,446
Time elapsed for generating branch combinations: 0 sec
Number of independent branch combinations to be analyzed: 8,446
Preparing OCS table with up to 1 process(es).
cb reducer scheduler: combinations=8446, workers=1 (threads=1)
Sparse cb backend: resolved=projection_gram (combinations=8446, branches=141)
Sparse cb projection: stat=any2any, shape=(141, 19420), nnz=1,146,460, density=0.418688, gram=sparse
Sparse cb projection: stat=spe2any, shape=(141, 116520), nnz=3,728,277, density=0.226928, gram=sparse
Sparse cb projection: stat=any2spe, shape=(141, 116520), nnz=3,642,700, density=0.221719, gram=sparse
Sparse cb projection: stat=spe2spe, shape=(141, 699120), nnz=10,729,960, density=0.108850, gram=sparse
Preparing OCN table with up to 1 process(es).
cb reducer scheduler: combinations=8446, workers=1 (threads=1)
Sparse cb backend: resolved=projection_gram (combinations=8446, branches=141)
Sparse cb projection: stat=any2any, shape=(141, 971), nnz=113,351, density=0.827917, gram=sparse
Sparse cb projection: stat=spe2any, shape=(141, 19420), nnz=2,214,585, density=0.808768, gram=sparse
Sparse cb projection: stat=any2spe, shape=(141, 19420), nnz=1,270,373, density=0.463941, gram=sparse
Sparse cb projection: stat=spe2spe, shape=(141, 388400), nnz=24,137,087, density=0.440744, gram=sparse
Time elapsed for merging tables: 0 sec
Released peptide/nonsynonymous state storage (21,905,760 bytes).
Number of total empirically expected nonsynonymous substitutions in the tree: 5,144.13
Preparing the ECN table with up to 1 process(es).
Expected sparse reducer: stat=any2any, shape=(141, 971), nnz=113,351, density=0.827917, backend=projection_gram/sparse (pair_coverage=0.856, threshold=0.250)
Expected sparse reducer: stat=spe2any, shape=(141, 19420), nnz=2,267,020, density=0.827917, backend=projection_gram/sparse (pair_coverage=0.856, threshold=0.250)
Expected sparse reducer: stat=any2spe, shape=(141, 19420), nnz=2,267,020, density=0.827917, backend=projection_gram/sparse (pair_coverage=0.856, threshold=0.250)
Expected sparse reducer: stat=spe2spe, shape=(141, 388400), nnz=43,073,380, density=0.786522, backend=projection_gram/sparse (pair_coverage=0.856, threshold=0.250)
Time elapsed for merging tables: 0 sec
Released final-arity EN sparse projections (572,651,524 bytes).
Released codon state storage (66,812,568 bytes).
Number of total empirically expected synonymous substitutions in the tree: 6,873.35
Preparing the ECS table with up to 1 process(es).
Expected sparse reducer: stat=any2any, shape=(141, 19420), nnz=2,040,318, density=0.745126, backend=projection_gram/sparse (pair_coverage=0.856, threshold=0.250)
Expected sparse reducer: stat=spe2any, shape=(141, 116520), nnz=6,687,709, density=0.407059, backend=projection_gram/sparse (pair_coverage=0.856, threshold=0.250)
Expected sparse reducer: stat=any2spe, shape=(141, 116520), nnz=6,687,709, density=0.407059, backend=projection_gram/sparse (pair_coverage=0.856, threshold=0.250)
Expected sparse reducer: stat=spe2spe, shape=(141, 699120), nnz=19,723,074, density=0.200080, backend=projection_gram/sparse (pair_coverage=0.856, threshold=0.200)
Time elapsed for merging tables: 0 sec
Released final-arity ES sparse projections (421,667,992 bytes).
Arity = 2, cb: median omegaCany2any (non-corrected for dNc vs dSc distribution ranges): 0.377
Arity = 2, cb: median omegaCspe2any (non-corrected for dNc vs dSc distribution ranges): 0.148
Arity = 2, cb: median omegaCany2spe (non-corrected for dNc vs dSc distribution ranges): 0.156
Arity = 2, cb: median omegaCspe2spe (non-corrected for dNc vs dSc distribution ranges): 0.095
Starting branch distance calculation. If it takes too long, disable this step by --branch_dist no
Branch-distance scheduler: combinations=8446, workers=1 (threads=1, direct)
Inter-branch distance: 0th in the id range 0-8,446: 0 sec
Time elapsed for calculating inter-branch distances: 0 sec
Time elapsed for the linear regression of C ~ D: 0 sec
Arity (K) = 2: Foreground branch combinations with cutoff conditions OCNany2spe,2.0|omegaCany2spe,5.0 for PLACEHOLDER = 0% (0/85, total examined = 8,446, enrichment factor = 0.0)
Time elapsed for obtaining foreground branch numbers in the cb table: 0 sec
Time elapsed for sorting cb table: 0 sec
Memory consumption of cb table: 2.8 Mbytes (dtype=object)
Total OCNany2any/ECNany2any = 14,210.8/12,732.3 (expectation = 89.6% of observation)
Total OCNany2spe/ECNany2spe = 3,508.2/1,711.6 (expectation = 48.8% of observation)
Total OCNspe2any/ECNspe2any = 8,005.4/11,119.3 (expectation = 138.9% of observation)
Total OCNspe2spe/ECNspe2spe = 2,968.9/1,603.4 (expectation = 54.0% of observation)
Total OCSany2any/ECSany2any = 58,499.9/23,680.2 (expectation = 40.5% of observation)
Total OCSany2spe/ECSany2spe = 18,499.7/7,161.2 (expectation = 38.7% of observation)
Total OCSspe2any/ECSspe2any = 26,830.8/10,789.1 (expectation = 40.2% of observation)
Total OCSspe2spe/ECSspe2spe = 13,425.5/5,088.2 (expectation = 37.9% of observation)
Elapsed time for arity = 2: 16.0 sec

Maximum arity (K = 2) reached. Ending higher-order search of branch combinations.
Writing /tmp/csubst-resource-review-20260911/runs/pepc_full-after-1/csubst_cb_stats.tsv
csubst search: Time elapsed: 39 sec
csubst search end: 2026-09-11 02:28:06.453157+00:00

CSUBST end: 2026-09-11 02:28:06.453869+00:00, Elapsed time = 39.0 sec
