/tmp/csubst-endpoint-test-venv/bin/python -m ruff check csubst tests setup.py .github/scripts
All checks passed!
/tmp/csubst-endpoint-test-venv/bin/python .github/scripts/repository_hygiene_check.py
Repository hygiene checks passed.
/tmp/csubst-endpoint-test-venv/bin/python .github/scripts/documentation_check.py
Documentation checks passed: 14 documents, 16 commands, 1 help examples, 2 templates, 36 local links.
Pass --wiki-dir to also check Wiki pages and links (15 references not checked).
Success: no issues found in 1 source file
Success: no issues found in 1 source file
Success: no issues found in 1 source file
Success: no issues found in 1 source file
Success: no issues found in 1 source file
Success: no issues found in 1 source file
Success: no issues found in 1 source file
Success: no issues found in 1 source file
Success: no issues found in 1 source file
Success: no issues found in 1 source file
Success: no issues found in 1 source file
Success: no issues found in 1 source file
Success: no issues found in 1 source file
Success: no issues found in 1 source file
Success: no issues found in 1 source file
Success: no issues found in 1 source file
Success: no issues found in 1 source file
