CSUBST start: 2026-09-10 05:15:31.622129+00:00
csubst search start: 2026-09-10 05:15:31.623811+00:00
${HOME}/miniforge3/lib/python3.10/site-packages/requests/__init__.py:113: RequestsDependencyWarning: urllib3 (2.6.3) or chardet (7.5.1)/charset_normalizer (3.4.4) doesn't match a supported version!
  warnings.warn(
OS: macOS-26.6.2-x86_64-i386-64bit
Python version: 3.10.14 | packaged by conda-forge | (main, Mar 20 2024, 12:53:34) [Clang 16.0.6 ]
CSUBST version: 1.15.0
CSUBST dependency versions: ete4=4.4.0, requests=2.32.5, numpy=1.26.4, scipy=1.15.2, pandas=2.2.3, cython=3.0.11, matplotlib=3.9.3
CSUBST missing dependency packages: none
CSUBST command: csubst search --alignment_file /private/tmp/csubst-endpoint-b591efc/csubst/dataset/PEPC.alignment.fa --rooted_tree_file /private/tmp/csubst-endpoint-b591efc/csubst/dataset/PEPC.tree.nwk --outdir /tmp/endpoint-scaling-foreground/foreground4-t4-b1-marginal-r1 --threads 4 --blas_threads 1 --max_arity 4 --calibrate_longtail no --b no --s no --cs no --bs no --cbs no --random_seed 8 --substitution_posterior marginal --endpoint_block_size 64 --iqtree_treefile /private/tmp/csubst-endpoint-b591efc/csubst/dataset/PEPC.alignment.fa.treefile --iqtree_state /private/tmp/csubst-endpoint-b591efc/csubst/dataset/PEPC.alignment.fa.state --iqtree_rate /private/tmp/csubst-endpoint-b591efc/csubst/dataset/PEPC.alignment.fa.rate --iqtree_iqtree /private/tmp/csubst-endpoint-b591efc/csubst/dataset/PEPC.alignment.fa.iqtree --iqtree_log /private/tmp/csubst-endpoint-b591efc/csubst/dataset/PEPC.alignment.fa.log --exhaustive_until 1 --foreground /tmp/endpoint-scaling-foreground/foreground4-t4-b1-marginal-r1.foreground.tsv --fg_format 2 --cutoff_stat OCNany2spe,0
CSUBST working directory: /private/tmp/endpoint-scaling-foreground
CSUBST bug report: https://github.com/kfuku52/csubst/issues
Reading and parsing input files.
Using internal node names and branch lengths in --iqtree_treefile and the root position in --rooted_tree_file.
All IQ-TREE intermediate files were explicitly specified. A provenance manifest is not required.
The model in the IQ-TREE's output (ECMK07+F+R4) matched --iqtree_model (ECMK07+F+R4). Skipping IQ-TREE.
Total branch length of --rooted_tree_file: 7.7049
Total branch length of --iqtree_treefile: 17.5501

Reading the state file: /private/tmp/csubst-endpoint-b591efc/csubst/dataset/PEPC.alignment.fa.state

Instantaneous substitution rate matrix will be generated using the base model: ECMK07+F
Transition matrix will be generated using the model in the ancestral state reconstruction: ECMK07+F+R4
Applying estimated codon frequencies to obtain the instantaneous rate matrix.
Trait names in --foreground file: benchmark
Selective state loading enabled: loading 23 nodes out of 141 total nodes.
Generating memory map: dtype=<class 'numpy.float64'>, axis=(141, 971, 61), path=/var/folders/xc/pydw8plj6vvf7mddh20v09sw0000gn/T/.csubst_tmp_1p9pw_fu/tmp.csubst.state_tensor.mmap
Generating memory map: dtype=float64, axis=(141, 971, 20), path=/var/folders/xc/pydw8plj6vvf7mddh20v09sw0000gn/T/.csubst_tmp_1p9pw_fu/tmp.csubst.state_pep.mmap
Ancestral states were not estimated on the root node. Excluding sub-root nodes from the analysis.
Generated packed sparse substitution tensor (Cython two-pass): shape=(141, 971, 1, 20, 20), density=0.000319 (17,497/54,764,400), storage=210,532 bytes, compression=2081.0x
Generated packed sparse substitution tensor (Cython two-pass): shape=(141, 971, 20, 6, 6), density=0.000403 (39,694/98,575,920), storage=476,896 bytes, compression=1653.6x
Branch lengths of the IQ-TREE output are rescaled to match observed-codon-substitutions/codon-site, rather than nucleotide-substitutions/codon-site.
Total branch length before rescaling: 17.550 nucleotide substitutions / codon site
Total S+N branch length after rescaling: 2.281 codon substitutions / codon site
Total S branch length after rescaling: 1.369 codon substitutions / codon site
Total N branch length after rescaling: 0.912 codon substitutions / codon site
Synonymous substitutions / tree = 1,152.3
Nonsynonymous substitutions / tree = 760.4
Synonymous substitutions / branch = 8.2
Nonsynonymous substitutions / branch = 5.4
Synonymous substitutions / site = 1.2
Nonsynonymous substitutions / site = 0.8
Elapsed time: 0.0 sec

Generating s table
Time elapsed for merging tables: 0 sec
Memory consumption of s table: 0.0 Mbytes (dtype=float64)
Elapsed time: 0.0 sec

Generating b table
Time elapsed for merging tables: 0 sec
Number of S_sub patterns among 141 branches=17, min=0.0, max=140.6
Number of N_sub patterns among 141 branches=17, min=0.0, max=95.9
Memory consumption of b table: 0.0 Mbytes (dtype=object)
Elapsed time: 0.0 sec

Arity (K) = 2: Generating cb table
Arity (K) = 2: Targeted search of foreground branch combinations
Number of all branches: 140
Number of branch combinations before independency check for benchmark: 64
Number of branch combinations generated with global independence constraints: 64
Time elapsed for generating branch combinations: 0 sec
Number of independent branch combinations to be analyzed: 64
Preparing OCS table with up to 4 process(es).
cb reducer scheduler: combinations=64, workers=1 (threads=4)
Sparse cb backend: resolved=projection_product (combinations=64, branches=141, arity=2)
Sparse cb projection product: stat=any2any, arity=2, shape=(141, 19420), nnz=11,652, density=0.004255, backend=sparse_intersection
Sparse cb projection product: stat=any2spe, arity=2, shape=(141, 116520), nnz=17,187, density=0.001046, backend=sparse_intersection
Preparing OCN table with up to 4 process(es).
cb reducer scheduler: combinations=64, workers=1 (threads=4)
Sparse cb backend: resolved=projection_product (combinations=64, branches=141, arity=2)
Sparse cb projection product: stat=any2any, arity=2, shape=(141, 971), nnz=3,496, density=0.025535, backend=sparse_intersection
Sparse cb projection product: stat=any2spe, arity=2, shape=(141, 19420), nnz=5,206, density=0.001901, backend=sparse_intersection
Time elapsed for merging tables: 0 sec
Tensor-free expected reducer (mode=nsy): backend=eigen_general, branches=16, projections=any2any,any2spe
Generated tensor-free expected projections: storage=3,299,228 bytes, total=1,092.766002
Released peptide/nonsynonymous state storage (21,905,760 bytes).
Number of total empirically expected nonsynonymous substitutions in the tree: 1,092.77
Preparing the ECN table with up to 4 process(es).
Expected sparse reducer: stat=any2any, shape=(141, 971), nnz=13,553, density=0.098991, backend=projection_product (pair_coverage=0.006, threshold=0.099)
Expected sparse reducer: stat=any2spe, shape=(141, 19420), nnz=261,288, density=0.095423, backend=projection_product (pair_coverage=0.006, threshold=0.095)
Time elapsed for merging tables: 0 sec
Tensor-free expected reducer (mode=cdn): backend=eigen_reversible, branches=16, projections=any2any,any2spe
Generated tensor-free expected projections: storage=1,258,724 bytes, total=1,389.043749
Released codon state storage (66,812,568 bytes).
Number of total empirically expected synonymous substitutions in the tree: 1,389.04
Preparing the ECS table with up to 4 process(es).
Expected sparse reducer: stat=any2any, shape=(141, 19420), nnz=24,770, density=0.009046, backend=projection_product (pair_coverage=0.006, threshold=0.010)
Expected sparse reducer: stat=any2spe, shape=(141, 116520), nnz=80,029, density=0.004871, backend=projection_product (pair_coverage=0.006, threshold=0.010)
Time elapsed for merging tables: 0 sec
Arity = 2, cb: median omegaCany2any (non-corrected for dNc vs dSc distribution ranges): 1.633
Arity = 2, cb: median omegaCany2dif (non-corrected for dNc vs dSc distribution ranges): 1.272
Arity = 2, cb: median omegaCany2spe (non-corrected for dNc vs dSc distribution ranges): 3.510
Starting branch distance calculation. If it takes too long, disable this step by --branch_dist no
Branch-distance scheduler: combinations=64, workers=1 (threads=4, direct)
Inter-branch distance: 0th in the id range 0-64: 0 sec
Time elapsed for calculating inter-branch distances: 0 sec
Time elapsed for the linear regression of C ~ D: 0 sec
Arity (K) = 2: Foreground branch combinations with cutoff conditions OCNany2spe,0 for benchmark = 100% (64/64, total examined = 64, enrichment factor = 1.0)
Time elapsed for obtaining foreground branch numbers in the cb table: 0 sec
Time elapsed for sorting cb table: 0 sec
Memory consumption of cb table: 0.0 Mbytes (dtype=object)
Total OCNany2any/ECNany2any = 472.1/402.6 (expectation = 85.3% of observation)
Total OCNany2dif/ECNany2dif = 274.6/354.7 (expectation = 129.2% of observation)
Total OCNany2spe/ECNany2spe = 197.5/47.8 (expectation = 24.2% of observation)
Total OCSany2any/ECSany2any = 375.7/481.6 (expectation = 128.2% of observation)
Total OCSany2dif/ECSany2dif = 244.9/345.9 (expectation = 141.2% of observation)
Total OCSany2spe/ECSany2spe = 130.8/135.7 (expectation = 103.8% of observation)
Elapsed time for arity = 2: 0.0 sec

Arity (K) = 3: Generating cb table
Arity (K) = 3: Heuristic search with 64 K-1 branch combinations that passed cutoff stats (OCNany2spe,0)
Number of all branches: 140
Number of redundant branch combination unions for benchmark: 2,016
Number of branch combinations generated with global independence constraints: 200
Time elapsed for generating branch combinations: 0 sec
Number of independent branch combinations to be analyzed: 200
Preparing OCS table with up to 4 process(es).
cb reducer scheduler: combinations=200, workers=1 (threads=4)
Sparse cb backend: resolved=projection_product (combinations=200, branches=141, arity=3)
Sparse cb projection product: stat=any2any, arity=3, shape=(141, 19420), nnz=11,652, density=0.004255, backend=sparse_intersection
Sparse cb projection product: stat=any2spe, arity=3, shape=(141, 116520), nnz=17,187, density=0.001046, backend=sparse_intersection
Preparing OCN table with up to 4 process(es).
cb reducer scheduler: combinations=200, workers=1 (threads=4)
Sparse cb backend: resolved=projection_product (combinations=200, branches=141, arity=3)
Sparse cb projection product: stat=any2any, arity=3, shape=(141, 971), nnz=3,496, density=0.025535, backend=sparse_intersection
Sparse cb projection product: stat=any2spe, arity=3, shape=(141, 19420), nnz=5,206, density=0.001901, backend=sparse_intersection
Time elapsed for merging tables: 0 sec
Reusing expected nonsynonymous sparse projections.
Number of total empirically expected nonsynonymous substitutions in the tree: 1,092.77
Preparing the ECN table with up to 4 process(es).
Expected sparse reducer: stat=any2any, shape=(141, 971), nnz=13,553, density=0.098991, backend=projection_product (pair_coverage=0.000, threshold=1.000)
Expected sparse reducer: stat=any2spe, shape=(141, 19420), nnz=261,288, density=0.095423, backend=projection_product (pair_coverage=0.000, threshold=1.000)
Time elapsed for merging tables: 0 sec
Reusing expected synonymous sparse projections.
Number of total empirically expected synonymous substitutions in the tree: 1,389.04
Preparing the ECS table with up to 4 process(es).
Expected sparse reducer: stat=any2any, shape=(141, 19420), nnz=24,770, density=0.009046, backend=projection_product (pair_coverage=0.000, threshold=1.000)
Expected sparse reducer: stat=any2spe, shape=(141, 116520), nnz=80,029, density=0.004871, backend=projection_product (pair_coverage=0.000, threshold=1.000)
Time elapsed for merging tables: 0 sec
Arity = 3, cb: median omegaCany2any (non-corrected for dNc vs dSc distribution ranges): 2.863
Arity = 3, cb: median omegaCany2dif (non-corrected for dNc vs dSc distribution ranges): 2.052
Arity = 3, cb: median omegaCany2spe (non-corrected for dNc vs dSc distribution ranges): 22.903
Starting branch distance calculation. If it takes too long, disable this step by --branch_dist no
Branch-distance scheduler: combinations=200, workers=1 (threads=4, vectorized, nodes=12)
Time elapsed for calculating inter-branch distances: 0 sec
Time elapsed for the linear regression of C ~ D: 0 sec
Arity (K) = 3: Foreground branch combinations with cutoff conditions OCNany2spe,0 for benchmark = 100% (200/200, total examined = 200, enrichment factor = 1.0)
Time elapsed for obtaining foreground branch numbers in the cb table: 0 sec
Time elapsed for sorting cb table: 0 sec
Memory consumption of cb table: 0.1 Mbytes (dtype=object)
Total OCNany2any/ECNany2any = 328.5/128.5 (expectation = 39.1% of observation)
Total OCNany2dif/ECNany2dif = 225.5/125.7 (expectation = 55.7% of observation)
Total OCNany2spe/ECNany2spe = 103.0/2.8 (expectation = 2.7% of observation)
Total OCSany2any/ECSany2any = 152.6/178.8 (expectation = 117.2% of observation)
Total OCSany2dif/ECSany2dif = 129.0/164.7 (expectation = 127.7% of observation)
Total OCSany2spe/ECSany2spe = 23.6/14.1 (expectation = 59.6% of observation)
Elapsed time for arity = 3: 0.0 sec

Arity (K) = 4: Generating cb table
Arity (K) = 4: Heuristic search with 200 K-1 branch combinations that passed cutoff stats (OCNany2spe,0)
Number of all branches: 140
Number of redundant branch combination unions for benchmark: 19,900
Number of branch combinations generated with global independence constraints: 406
Time elapsed for generating branch combinations: 0 sec
Number of independent branch combinations to be analyzed: 406
Preparing OCS table with up to 4 process(es).
cb reducer scheduler: combinations=406, workers=1 (threads=4)
Sparse cb backend: resolved=projection_product (combinations=406, branches=141, arity=4)
Sparse cb projection product: stat=any2any, arity=4, shape=(141, 19420), nnz=11,652, density=0.004255, backend=sparse_intersection
Sparse cb projection product: stat=any2spe, arity=4, shape=(141, 116520), nnz=17,187, density=0.001046, backend=sparse_intersection
Preparing OCN table with up to 4 process(es).
cb reducer scheduler: combinations=406, workers=1 (threads=4)
Sparse cb backend: resolved=projection_product (combinations=406, branches=141, arity=4)
Sparse cb projection product: stat=any2any, arity=4, shape=(141, 971), nnz=3,496, density=0.025535, backend=sparse_intersection
Sparse cb projection product: stat=any2spe, arity=4, shape=(141, 19420), nnz=5,206, density=0.001901, backend=sparse_intersection
Time elapsed for merging tables: 0 sec
Reusing expected nonsynonymous sparse projections.
Number of total empirically expected nonsynonymous substitutions in the tree: 1,092.77
Preparing the ECN table with up to 4 process(es).
Expected sparse reducer: stat=any2any, shape=(141, 971), nnz=13,553, density=0.098991, backend=projection_product (pair_coverage=0.000, threshold=1.000)
Expected sparse reducer: stat=any2spe, shape=(141, 19420), nnz=261,288, density=0.095423, backend=projection_product (pair_coverage=0.000, threshold=1.000)
Time elapsed for merging tables: 0 sec
Released final-arity EN sparse projections (3,299,228 bytes).
Reusing expected synonymous sparse projections.
Number of total empirically expected synonymous substitutions in the tree: 1,389.04
Preparing the ECS table with up to 4 process(es).
Expected sparse reducer: stat=any2any, shape=(141, 19420), nnz=24,770, density=0.009046, backend=projection_product (pair_coverage=0.000, threshold=1.000)
Expected sparse reducer: stat=any2spe, shape=(141, 116520), nnz=80,029, density=0.004871, backend=projection_product (pair_coverage=0.000, threshold=1.000)
Time elapsed for merging tables: 0 sec
Released final-arity ES sparse projections (1,258,724 bytes).
Arity = 4, cb: median omegaCany2any (non-corrected for dNc vs dSc distribution ranges): 3.808
Arity = 4, cb: median omegaCany2dif (non-corrected for dNc vs dSc distribution ranges): 1.585
Arity = 4, cb: median omegaCany2spe (non-corrected for dNc vs dSc distribution ranges): 164128.415
Starting branch distance calculation. If it takes too long, disable this step by --branch_dist no
Branch-distance scheduler: combinations=406, workers=1 (threads=4, vectorized, nodes=12)
Time elapsed for calculating inter-branch distances: 0 sec
Time elapsed for the linear regression of C ~ D: 0 sec
Arity (K) = 4: Foreground branch combinations with cutoff conditions OCNany2spe,0 for benchmark = 100% (406/406, total examined = 406, enrichment factor = 1.0)
Time elapsed for obtaining foreground branch numbers in the cb table: 0 sec
Time elapsed for sorting cb table: 0 sec
Memory consumption of cb table: 0.1 Mbytes (dtype=object)
Total OCNany2any/ECNany2any = 169.7/30.1 (expectation = 17.7% of observation)
Total OCNany2dif/ECNany2dif = 117.9/29.9 (expectation = 25.4% of observation)
Total OCNany2spe/ECNany2spe = 51.8/0.1 (expectation = 0.3% of observation)
Total OCSany2any/ECSany2any = 48.3/49.5 (expectation = 102.3% of observation)
Total OCSany2dif/ECSany2dif = 46.3/48.3 (expectation = 104.4% of observation)
Total OCSany2spe/ECSany2spe = 2.0/1.1 (expectation = 54.7% of observation)
Elapsed time for arity = 4: 0.0 sec

Maximum arity (K = 4) reached. Ending higher-order search of branch combinations.
Writing /tmp/endpoint-scaling-foreground/foreground4-t4-b1-marginal-r1/csubst_cb_stats.tsv
csubst search: Time elapsed: 2 sec
csubst search end: 2026-09-10 05:15:34.177396+00:00

CSUBST end: 2026-09-10 05:15:34.181427+00:00, Elapsed time = 2.0 sec
