CSUBST start: 2026-09-10 04:20:19.317627+00:00
csubst scan start: 2026-09-10 04:20:19.319583+00:00
${USER_HOME}/miniforge3/lib/python3.10/site-packages/requests/__init__.py:113: RequestsDependencyWarning: urllib3 (2.6.3) or chardet (7.5.1)/charset_normalizer (3.4.4) doesn't match a supported version!
  warnings.warn(
OS: macOS-26.6.2-x86_64-i386-64bit
Python version: 3.10.14 | packaged by conda-forge | (main, Mar 20 2024, 12:53:34) [Clang 16.0.6 ]
CSUBST version: 1.15.0
CSUBST dependency versions: ete4=4.4.0, requests=2.32.5, numpy=1.26.4, scipy=1.15.2, pandas=2.2.3, cython=3.0.11, matplotlib=3.9.3
CSUBST missing dependency packages: none
CSUBST command: ${WORKTREE}/csubst/__main__.py scan --alignment_file reports/scientific_review_20260910/scan_id5/inputs/missing.fa --rooted_tree_file reports/scientific_review_20260910/scan_id5/inputs/tree.nwk --foreground reports/scientific_review_20260910/scan_id5/inputs/foreground.tsv --iqtree_model GY+FQ --iqtree_outdir ${IQTREE_RUN} --outdir ${EXACT_RUN} --scan_match any2spe,spe2spe --scan_pvalue_calibration full_scan --scan_n_permutations 99 --min_clade_bin_count 1 --scan_rate_event_mode called --nonsyn_recode kgbauto6 --drop_invariant_tip_sites tip_invariant --scan_site_plot no --threads 1
CSUBST working directory: ${WORKTREE}
CSUBST bug report: https://github.com/kfuku52/csubst/issues
Scan foreground unit mode: clade
Reading and parsing input files.
Using internal node names and branch lengths in --iqtree_treefile and the root position in --rooted_tree_file.
IQ-TREE's inferred intermediate files and provenance manifest are compatible.
The model in the IQ-TREE's output (GY+FQ) matched --iqtree_model (GY+FQ). Skipping IQ-TREE.
Total branch length of --rooted_tree_file: 3.6000
Total branch length of --iqtree_treefile: 3.7613

Reading the state file: ${IQTREE_RUN}/missing.fa.26467f456ca1678d.state

Instantaneous substitution rate matrix will be generated using the base model: GY+FQ
Transition matrix will be generated using the model in the ancestral state reconstruction: GY+FQ
Applying nonsynonymous recoding scheme: kgbauto6
Dropped 3 codon site(s) by tip-invariant criterion; retained 97 / 100 sites.
Generating nonsynonymous substitution tensor for scan.
Generated packed sparse substitution tensor (Cython two-pass): shape=(15, 97, 1, 6, 6), density=0.156663 (8,206/52,380), storage=98,536 bytes, compression=4.3x
Generating synonymous substitution tensor for branch-length context.
Generated packed sparse substitution tensor (Cython two-pass): shape=(15, 97, 20, 6, 6), density=0.007237 (7,581/1,047,600), storage=91,036 bytes, compression=92.1x
Branch lengths of the IQ-TREE output are rescaled to match observed-codon-substitutions/codon-site, rather than nucleotide-substitutions/codon-site.
Total branch length before rescaling: 3.761 nucleotide substitutions / codon site
Total S+N branch length after rescaling: 2.109 codon substitutions / codon site
Total S branch length after rescaling: 0.806 codon substitutions / codon site
Total N branch length after rescaling: 1.303 codon substitutions / codon site
Scanning recurrent foreground substitution patterns.
Scan asymptotic P and trait-by-match BH values are exploratory diagnostics; they do not correct candidate discovery selection.
Writing ${EXACT_RUN}/csubst_scan.tsv
Writing ${EXACT_RUN}/csubst_scan_units.tsv
Writing ${EXACT_RUN}/csubst_scan_calibration.json
Skipping scan site visualization (--scan_site_plot no).
Scan candidates: 9 rows, 2 foreground units.
Elapsed time: 2.0 sec

csubst scan: Time elapsed: 3 sec
csubst scan end: 2026-09-10 04:20:23.033859+00:00

CSUBST end: 2026-09-10 04:20:23.034306+00:00, Elapsed time = 3.0 sec
