CSUBST start: 2026-09-10 12:37:46.013959+00:00
csubst search start: 2026-09-10 12:37:46.014937+00:00
OS: Linux-6.12.76-linuxkit-aarch64-with-glibc2.39
Python version: 3.12.14 (main, Sep  2 2026, 23:29:55) [GCC 15.3.0]
CSUBST version: 1.15.1
CSUBST dependency versions: ete4=4.4.0, requests=2.34.2, numpy=1.26.4, scipy=1.17.1, pandas=3.0.5, cython=3.3.0, matplotlib=3.10.9
CSUBST missing dependency packages: none
CSUBST command: /work/csubst/__main__.py search --alignment_file inputs/input.fa --rooted_tree_file inputs/tree.nwk --foreground inputs/foreground.tsv --iqtree_model GY+FQ --threads 1 --exhaustive_until 1 --expectation_method urn --asrv sn --asrv_training_branches background --asrv_report yes --b no --s no --bs no --cs no --cbs no --cb yes --outdir review-selective
CSUBST working directory: /work
CSUBST bug report: https://github.com/kfuku52/csubst/issues
Reading and parsing input files.
Using internal node names and branch lengths in --iqtree_treefile and the root position in --rooted_tree_file.
Intermediate file is missing: /work/csubst_iqtree/input.fa.4461f7ed6fc8e87b.iqtree
Intermediate file is missing: /work/csubst_iqtree/input.fa.4461f7ed6fc8e87b.log
Intermediate file is missing: /work/csubst_iqtree/input.fa.4461f7ed6fc8e87b.rate
Intermediate file is missing: /work/csubst_iqtree/input.fa.4461f7ed6fc8e87b.state
Intermediate file is missing: /work/csubst_iqtree/input.fa.4461f7ed6fc8e87b.treefile
Starting IQ-TREE to estimate parameters and ancestral states.
IQ-TREE's version: 3.1.4, PATH: iqtree
IQ-TREE version 3.1.4 for Linux ARM 64-bit built Sep  9 2026
Developed by Bui Quang Minh, Thomas Wong, Nhan Ly-Trong, Huaiyan Ren
Contributed by Lam-Tung Nguyen, Dominik Schrempf, Chris Bielow,
Olga Chernomor, Michael Woodhams, Diep Thi Hoang, Heiko Schmidt

Host:    714d2d690d11 (SSE4.2, 7 GB RAM)
Command: iqtree -s inputs/input.fa -te /tmp/.csubst_tmp_57sfc647/tmp.csubst.nwk -m GY+FQ --seqtype CODON1 --threads-max 1 -T AUTO --ancestral --rate --redo --prefix /work/csubst_iqtree/input.fa.4461f7ed6fc8e87b -seed 1
Seed:    1 (Using SPRNG - Scalable Parallel Random Number Generator)
Time:    Thu Sep 10 12:37:46 2026
Kernel:  SSE2 - auto-detect threads (12 CPU cores detected)

Reading alignment file inputs/input.fa ... Fasta format detected
Reading fasta file: done in 6.00815e-05 secs using 48.27% CPU
Alignment most likely contains DNA/RNA sequences
Converting to codon sequences with genetic code 1 ...
Constructing alignment: done in 6.19888e-05 secs using 64.53% CPU
Alignment has 8 sequences with 100 columns, 100 distinct patterns
50 parsimony-informative, 47 singleton sites, 3 constant sites
   Gap/Ambiguity  Composition  p-value
Analyzing sequences: done in 3.60012e-05 secs using 41.67% CPU
   1  a    0.00%    passed     86.66%
   2  b    0.00%    passed     84.70%
   3  c    0.00%    passed     99.75%
   4  d    0.00%    passed     99.84%
   5  e    0.00%    passed     96.84%
   6  f    0.00%    passed     99.38%
   7  g    0.00%    passed     79.42%
   8  h    0.00%    passed     92.78%
****  TOTAL    0.00%  0 sequences failed composition chi2 test (p-value<5%; df=60)
Reading input tree file /tmp/.csubst_tmp_57sfc647/tmp.csubst.nwk ... rooted tree

NOTE: 0 MB RAM (0 GB) is required!
Measuring multi-threading efficiency up to 1 CPU cores
Increase to 10 rounds for branch lengths
27 trees examined
Threads: 1 / Time: 1.012 sec / Speedup: 1.000 / Efficiency: 100% / LogL: -1943
Determining AUTO threadcount: done in 1.01267 secs using 99.85% CPU
BEST NUMBER OF THREADS: 1

Estimate model parameters (epsilon = 0.010)
1. Initial log-likelihood: -1842.526
2. Current log-likelihood: -1828.383
Optimal log-likelihood: -1828.378
Nonsynonymous/synonymous ratio (omega): 0.874
Transition/transversion ratio (kappa): 1.280
Parameters optimization took 2 rounds (0.110 sec)
Wrote distance file to...
BEST SCORE FOUND : -1828.378
Ancestral state probabilities printed to /work/csubst_iqtree/input.fa.4461f7ed6fc8e87b.state
Site rates printed to /work/csubst_iqtree/input.fa.4461f7ed6fc8e87b.rate
Total tree length: 3.764

Total number of iterations: 0
CPU time used for tree search: 0.000 sec (0h:0m:0s)
Wall-clock time used for tree search: 0.000 sec (0h:0m:0s)
Total CPU time used: 1.148 sec (0h:0m:1s)
Total wall-clock time used: 1.173 sec (0h:0m:1s)

Analysis results written to:
  IQ-TREE report:                /work/csubst_iqtree/input.fa.4461f7ed6fc8e87b.iqtree
  Maximum-likelihood tree:       /work/csubst_iqtree/input.fa.4461f7ed6fc8e87b.treefile
  Ancestral state:               /work/csubst_iqtree/input.fa.4461f7ed6fc8e87b.state
  Screen log file:               /work/csubst_iqtree/input.fa.4461f7ed6fc8e87b.log

Date and Time: Thu Sep 10 12:37:47 2026
Total branch length of --rooted_tree_file: 3.6000
Total branch length of --iqtree_treefile: 3.7640

Reading the state file: /work/csubst_iqtree/input.fa.4461f7ed6fc8e87b.state

Selective state loading enabled: loading 5 nodes out of 15 total nodes.
Generating memory map: dtype=<class 'numpy.float64'>, axis=(15, 100, 61), path=/tmp/.csubst_tmp_57sfc647/tmp.csubst.state_tensor.mmap
Generating memory map: dtype=float64, axis=(15, 100, 20), path=/tmp/.csubst_tmp_57sfc647/tmp.csubst.state_pep.mmap
Ancestral states were not estimated on the root node. Excluding sub-root nodes from the analysis.
Generated packed sparse substitution tensor (Cython two-pass): shape=(15, 100, 1, 20, 20), density=0.002280 (1,368/600,000), storage=16,480 bytes, compression=291.3x
Generated packed sparse substitution tensor (Cython two-pass): shape=(15, 100, 20, 6, 6), density=0.000377 (407/1,080,000), storage=4,948 bytes, compression=1746.2x
Branch lengths of the IQ-TREE output are rescaled to match observed-codon-substitutions/codon-site, rather than nucleotide-substitutions/codon-site.
Total branch length before rescaling: 3.764 nucleotide substitutions / codon site
Total S+N branch length after rescaling: 0.662 codon substitutions / codon site
Total S branch length after rescaling: 0.151 codon substitutions / codon site
Total N branch length after rescaling: 0.511 codon substitutions / codon site
Synonymous substitutions / tree = 15.1
Nonsynonymous substitutions / tree = 51.1
Synonymous substitutions / branch = 1.1
Nonsynonymous substitutions / branch = 3.6
Synonymous substitutions / site = 0.2
Nonsynonymous substitutions / site = 0.5
Elapsed time: 1.0 sec

Generating s table
Time elapsed for merging tables: 0 sec
Memory consumption of s table: 0.0 Mbytes (dtype=float64)
Elapsed time: 0.0 sec

Generating b table
Time elapsed for merging tables: 0 sec
Number of S_sub patterns among 15 branches=3, min=0.0, max=8.0
Number of N_sub patterns among 15 branches=3, min=0.0, max=30.1
Memory consumption of b table: 0.0 Mbytes (dtype=object)
Elapsed time: 0.0 sec

Arity (K) = 2: Generating cb table
Arity (K) = 2: Targeted search of foreground branch combinations
Number of all branches: 14
Number of branch combinations before independency check for PLACEHOLDER: 1
Number of branch combinations generated with global independence constraints: 1
Number of non-independent foreground branch combinations to be non-foreground-marked for PLACEHOLDER: 0 / 1
Time elapsed for generating branch combinations: 0 sec
Number of independent branch combinations to be analyzed: 1
Preparing OCS table with up to 1 process(es).
cb reducer scheduler: combinations=1, workers=1 (threads=1)
Sparse cb backend: resolved=projection_product (combinations=1, branches=15, arity=2)
Sparse cb projection product: stat=any2any, arity=2, shape=(15, 2000), nnz=174, density=0.005800, backend=sparse_intersection
Sparse cb projection product: stat=any2spe, arity=2, shape=(15, 12000), nnz=174, density=0.000967, backend=sparse_intersection
Preparing OCN table with up to 1 process(es).
cb reducer scheduler: combinations=1, workers=1 (threads=1)
Sparse cb backend: resolved=projection_product (combinations=1, branches=15, arity=2)
Sparse cb projection product: stat=any2any, arity=2, shape=(15, 100), nnz=200, density=0.133333, backend=sparse_intersection
Sparse cb projection product: stat=any2spe, arity=2, shape=(15, 2000), nnz=200, density=0.006667, backend=sparse_intersection
Time elapsed for merging tables: 0 sec
ENany2any: Total number of substitution categories after NaN removals: 1
ENany2any scheduler: cb_rows=1, sites=100, categories=1, estimated_work=100, workers=1 (threads=1)
ESany2any: Total number of substitution categories after NaN removals: 20
ESany2any scheduler: cb_rows=1, sites=100, categories=20, estimated_work=2000, workers=1 (threads=1)
ENany2spe: Total number of substitution categories after NaN removals: 20
ENany2spe scheduler: cb_rows=1, sites=100, categories=20, estimated_work=2000, workers=1 (threads=1)
ESany2spe: Total number of substitution categories after NaN removals: 52
ESany2spe scheduler: cb_rows=1, sites=100, categories=52, estimated_work=5200, workers=1 (threads=1)
Arity = 2, cb: median omegaCany2any (non-corrected for dNc vs dSc distribution ranges): 0.071
Arity = 2, cb: median omegaCany2dif (non-corrected for dNc vs dSc distribution ranges): 0.005
Arity = 2, cb: median omegaCany2spe (non-corrected for dNc vs dSc distribution ranges): 1091.870
Starting branch distance calculation. If it takes too long, disable this step by --branch_dist no
Branch-distance scheduler: combinations=1, workers=1 (threads=1, direct)
Inter-branch distance: 0th in the id range 0-1: 0 sec
Time elapsed for calculating inter-branch distances: 0 sec
Time elapsed for the linear regression of C ~ D: 0 sec
Arity (K) = 2: Foreground branch combinations with cutoff conditions OCNany2spe,2.0|omegaCany2spe,5.0 for PLACEHOLDER = 100% (1/1, total examined = 1, enrichment factor = 1.0)
Time elapsed for obtaining foreground branch numbers in the cb table: 0 sec
Time elapsed for sorting cb table: 0 sec
Memory consumption of cb table: 0.0 Mbytes (dtype=object)
Total OCNany2any/ECNany2any = 9.0/6.3 (expectation = 70.1% of observation)
Total OCNany2dif/ECNany2dif = 2.1/5.6 (expectation = 266.1% of observation)
Total OCNany2spe/ECNany2spe = 6.9/0.7 (expectation = 9.8% of observation)
Total OCSany2any/ECSany2any = 0.8/0.0 (expectation = 5.0% of observation)
Total OCSany2dif/ECSany2dif = 0.8/0.0 (expectation = 1.4% of observation)
Total OCSany2spe/ECSany2spe = 0.0/0.0 (expectation = 10,693.7% of observation)
Elapsed time for arity = 2: 0.0 sec

Maximum arity (K = 2) reached. Ending higher-order search of branch combinations.
Writing /work/review-selective/csubst_cb_stats.tsv
csubst search: Time elapsed: 1 sec
csubst search end: 2026-09-10 12:37:48.006022+00:00

CSUBST end: 2026-09-10 12:37:48.006403+00:00, Elapsed time = 1.0 sec
