/tmp/csubst-endpoint-test-venv/bin/python -m pytest -q -n auto --dist worksteal -m "not process"
${HOME}/miniforge3/lib/python3.10/site-packages/requests/__init__.py:113: RequestsDependencyWarning: urllib3 (2.6.3) or chardet (7.5.1)/charset_normalizer (3.4.4) doesn't match a supported version!
  warnings.warn(
bringing up nodes...
bringing up nodes...

........................................................................ [  3%]
........................................................................ [  6%]
........................................................................ [  9%]
........................................................................ [ 12%]
........................................................................ [ 16%]
........................................................................ [ 19%]
........................................................................ [ 22%]
........................................................................ [ 25%]
........................................................................ [ 28%]
...........................................................s.ss......... [ 32%]
...ss................................................................... [ 35%]
........................................................................ [ 38%]
........................................................................ [ 41%]
........................................................................ [ 45%]
........................................................................ [ 48%]
........................................................................ [ 51%]
........................................................................ [ 54%]
........................................................................ [ 57%]
........................................................................ [ 61%]
........................................................................ [ 64%]
........................................................................ [ 67%]
........................................................................ [ 70%]
........................................................................ [ 74%]
........................................................................ [ 77%]
........................................................................ [ 80%]
........................................................................ [ 83%]
........................................................................ [ 86%]
........................................................................ [ 90%]
........................................................................ [ 93%]
........................................................................ [ 96%]
........................................................................ [ 99%]
.....                                                                    [100%]
=============================== warnings summary ===============================
../../miniforge3/lib/python3.10/site-packages/requests/__init__.py:113
../../miniforge3/lib/python3.10/site-packages/requests/__init__.py:113
../../miniforge3/lib/python3.10/site-packages/requests/__init__.py:113
../../miniforge3/lib/python3.10/site-packages/requests/__init__.py:113
  ${HOME}/miniforge3/lib/python3.10/site-packages/requests/__init__.py:113: RequestsDependencyWarning: urllib3 (2.6.3) or chardet (7.5.1)/charset_normalizer (3.4.4) doesn't match a supported version!
    warnings.warn(

-- Docs: https://docs.pytest.org/en/stable/how-to/capture-warnings.html
=========================== short test summary info ============================
SKIPPED [3] tests/unit/test_structural_prediction.py:156: module 'torch' has __version__ '2.2.2', required is: '2.6'
SKIPPED [1] tests/unit/test_structural_reference.py:89: could not import 'gemmi': No module named 'gemmi'
SKIPPED [1] tests/unit/test_structural_reference.py:105: could not import 'gemmi': No module named 'gemmi'
2232 passed, 5 skipped, 4 warnings in 37.99s
/tmp/csubst-endpoint-test-venv/bin/python -m pytest -q -m process
....                                                                     [100%]
=============================== warnings summary ===============================
../../miniforge3/lib/python3.10/site-packages/requests/__init__.py:113
  ${HOME}/miniforge3/lib/python3.10/site-packages/requests/__init__.py:113: RequestsDependencyWarning: urllib3 (2.6.3) or chardet (7.5.1)/charset_normalizer (3.4.4) doesn't match a supported version!
    warnings.warn(

-- Docs: https://docs.pytest.org/en/stable/how-to/capture-warnings.html
4 passed, 2237 deselected, 1 warning in 7.23s
CSUBST_STRICT_EXTENSIONS=1 /tmp/csubst-endpoint-test-venv/bin/python -m pytest -q -m native
................                                                         [100%]
=============================== warnings summary ===============================
../../miniforge3/lib/python3.10/site-packages/requests/__init__.py:113
  ${HOME}/miniforge3/lib/python3.10/site-packages/requests/__init__.py:113: RequestsDependencyWarning: urllib3 (2.6.3) or chardet (7.5.1)/charset_normalizer (3.4.4) doesn't match a supported version!
    warnings.warn(

-- Docs: https://docs.pytest.org/en/stable/how-to/capture-warnings.html
16 passed, 2225 deselected, 1 warning in 2.47s
/tmp/csubst-endpoint-test-venv/bin/python -m ruff check csubst tests setup.py .github/scripts
All checks passed!
/tmp/csubst-endpoint-test-venv/bin/python .github/scripts/repository_hygiene_check.py
Repository hygiene checks passed.
/tmp/csubst-endpoint-test-venv/bin/python .github/scripts/documentation_check.py
Documentation checks passed: 21 documents, 23 commands, 1 help examples, 2 templates, 69 local links.
Pass --wiki-dir to also check Wiki pages and links (15 references not checked).
Success: no issues found in 1 source file
Success: no issues found in 1 source file
Success: no issues found in 1 source file
Success: no issues found in 1 source file
Success: no issues found in 1 source file
Success: no issues found in 1 source file
Success: no issues found in 1 source file
Success: no issues found in 1 source file
Success: no issues found in 1 source file
Success: no issues found in 1 source file
Success: no issues found in 1 source file
Success: no issues found in 1 source file
Success: no issues found in 1 source file
Success: no issues found in 1 source file
Success: no issues found in 1 source file
Success: no issues found in 1 source file
Success: no issues found in 1 source file
Success: no issues found in 1 source file
Success: no issues found in 1 source file
csubst/scan_ctmc.py:109: error: Value of type "Any | None" is not indexable  [index]
csubst/scan_ctmc.py:124: error: Unsupported target for indexed assignment ("Any | None")  [index]
Found 2 errors in 1 file (checked 1 source file)
make: *** [typecheck] Error 1
